2025-11-16 21:37:45,583 - ERROR - 图片 '0001.png': API调用失败 (尝试 2): N/A - N/A
2025-12-21 17:50:57,728 - ERROR - 图片 'ART_043.png': JSON解析失败 (尝试 1): Expecting ',' delimiter: line 1 column 238 (char 237) | 原始输出 (截断): {"reasoning":"图像为儿童绘本封面，主书名‘胡萝卜先生的长胡子’以大号手写体居中突出，作者王一梅署名位于其下。左上角圆形标签标注‘王一梅 飞翔经典童话’，右上角注明‘彩绘注音版’。腰封文字包含推荐语或版本说明，此处未见明显环绕腰封，故填‘null’。出版社为‘四川少年儿童出版社’，位于底部。插图为手绘卡通风格，主角为拟人胡萝卜与男孩，背景含建筑与云朵，色彩柔和偏暖，以浅绿、橙色、粉色为主，构图平衡，视觉重心在中央角色，整体氛围童趣、温馨、富有想象力。', "translator": "null", "main_title": "胡萝卜先生的长胡子", "publisher": "四川少年儿童出版社", "belly_band": "null", "author": "王一梅", "subtitle": "null", "cover_description": "封面采用柔和暖色调，主色为浅绿与橙色，搭配粉色、蓝色点缀，色彩低饱和度营造温馨童趣氛围。构图对称且留白充足，图文分布均衡，视觉重心集中于中央的卡通角色——拟人胡萝卜与男孩。插画为手绘风格，线条圆润，背景含城市建筑与云...
2025-12-21 17:51:55,751 - ERROR - 图片 'ART_206.png': JSON解析失败 (尝试 1): Expecting ',' delimiter: line 1 column 208 (char 207) | 原始输出 (截断): {"reasoning":"图像为书籍《猫城记》封面，主书名‘猫城记’以黑色书法字体竖排于左侧，右侧为黑猫剪影，绿色眼睛点睛。作者‘老舍’署名位于猫身右侧，腰封横贯底部，含推荐语与分类标签（如‘科幻小说？反乌托邦小说？’）。出版社‘花山文艺出版社’位于腰封右下角。整体为黑白灰基调，辅以绿色眼眸点缀，构图不对称但视觉重心明确，猫形剪影占据主体，留白较多，风格融合手绘插画与极简设计，氛围神秘又带文学沉思感。', "translator": "null", "main_title": "猫城记", "publisher": "花山文艺出版社", "belly_band": "讽喻小说？科幻小说？反乌托邦小说？从未被真正读懂的老舍另类之作 一座荒唐城，千万可伶人。 今夜的活物，哪怕只是十天半个月呢。我便只活十天半个月也好。 半死的活着，就是能活一万八千年我也不甘心干。", "author": "老舍", "subtitle": "null", "cover_description": "封面以黑白为主色调，点缀绿色猫眼，形成高对比度视觉焦点。构图不对称，左侧竖排书名，右侧大尺寸黑猫剪影占据画面...
2025-12-21 17:52:04,145 - ERROR - 图片 'ART_208.png': JSON解析失败 (尝试 1): Expecting ',' delimiter: line 1 column 276 (char 275) | 原始输出 (截断): {"reasoning":"图像为儿童绘本《海底两万里》封面，主书名‘海底两万里’以粗黑书法字体居中突出，下方附拼音与作者信息。插图风格为彩色手绘，描绘潜艇被章鱼缠绕、鲸鱼游弋的奇幻海洋场景，背景含地球、钟表、轮船等元素，构图饱满但留白充足，视觉重心在中央圆形插画。色彩以蓝、灰、粉为主，暖色点缀，整体低饱和度但对比鲜明。设计融合科幻与童趣，传达探索与冒险氛围。腰封无独立纸带，故填null；译者信息未出现‘译’字，但标注‘（法）儒勒·凡尔纳 著’，译者栏填‘无’；出版社为‘长江出版社’；顶部小字‘学生课外阅读丛书’属系列标识，非主体字段。’, "translator": "无", "main_title": "海底两万里", "publisher": "长江出版社", "belly_band": "null", "author": "（法）儒勒·凡尔纳", "subtitle": "null", "cover_description": "封面以手绘插画为主，展现潜艇被章鱼缠绕、鲸鱼游弋的奇幻海洋场景，色彩以蓝灰粉为主，低饱和度但对比清晰，营造科幻童趣氛围。构图中心聚焦圆形插画，上下辅以...
2025-12-21 17:55:39,528 - ERROR - 图片 'NORMAL_131.png': 无法在模型回复中找到JSON结构 (尝试 1) | 原始输出 (截断): {"reasoning":"图像为书籍封面，主书名‘回避型依恋’以大号黑体与粉色字体突出显示，位于中央偏上；副标题为‘从“我不需要”到“我值得”’，置于插图下方，用粉色强调；作者为[日]冈田尊司，译者吕艳，明确标注于主书名下方；腰封文字为环绕性宣传语，包含推荐语如‘害怕靠近,又恐惧孤独’等，分布在插图上下区域；出版社为四川人民出版社，位于底部中央；视觉元素为卡通风格插图，两只拟人化小狗分坐长椅，表情忧郁，背景为纯浅蓝，无复杂图形，整体构图对称、留白充足，色彩柔和低饱和，设计风格属日系治愈+心理学科普，氛围略带忧伤但具疗愈感。", "translator": "吕艳", "main_title": "回避型依恋", "publisher": "四川人民出版社", "belly_band": "害怕靠近,又恐惧孤独;渴望爱,却推开爱!这不是性格缺陷,而是“依恋缺失”! 从“我不需要”到“我值得” 日本著名心理学家、精神科医生 破解“亲密恐惧”魔咒,停止逃避式自我保护 让亲密关系从“负担”变成“滋养”", "author": "冈田尊司", "subtitle": "从“我不需要”到“我值得...
2025-12-21 17:56:36,552 - ERROR - 图片 'NORMAL_184.png': JSON解析失败 (尝试 1): Expecting ',' delimiter: line 1 column 288 (char 287) | 原始输出 (截断): {"reasoning":"图像为书籍封面，主书名‘约翰·克利斯朵夫’以黄色大号字体居中偏右，视觉突出；副标题为‘罗曼·罗兰耗资20年心血的长篇巨著 凭借此书获1915年诺贝尔文学奖’，位于左侧小字区域；作者为‘[法] 罗曼·罗兰 著’，译者为‘傅雷 译’，均在左下角标注；腰封文字包含‘原无删减 名家译版’及宣传语‘幸福是灵魂的一种香味…’，环绕于封面中部偏下；出版社为‘春风文艺出版社’，位于左下角。封面背景为夕阳下的钢琴剪影，暖橙色天空与深蓝海面形成高对比度，构图不对称但重心稳定，图文分布均衡，风格兼具艺术感与文学厚重感，氛围宁静而庄重，具古典浪漫主义色彩。', "translator": "傅雷", "main_title": "约翰·克利斯朵夫", "publisher": "春风文艺出版社", "belly_band": "原无删减 名家译版 幸福是灵魂的一种香味\\是一颗歌唱的心的和声", "author": "罗曼·罗兰", "subtitle": "罗曼·罗兰耗资20年心血的长篇巨著 凭借此书获1915年诺贝尔文学奖", "cover_description": "封面以...
2025-12-21 17:56:40,686 - ERROR - 图片 'NORMAL_184.png': JSON解析失败 (尝试 2): Invalid \escape: line 1 column 170 (char 169) | 原始输出 (截断): {"reasoning":"图像为书籍封面，主书名‘约翰·克利斯朵夫’以黄色大号字体居中偏右，视觉突出；副标题为‘罗曼·罗兰耗资20年心血的长篇巨著 凭借此书获1915年诺贝尔文学奖’，位于左侧小字区域；作者为‘[法] 罗曼·罗兰 著’，译者为‘傅雷 译’，均在左下角标注；腰封文字包含‘原无删减 名家译版’及宣传语‘幸福是灵魂的一种香味\是一颗歌唱的心的和声’，分布在右下角；出版社为‘春风文艺出版社’，位于左下角。封面主体为一架钢琴置于日落海景前，色彩以暖橙、深蓝为主，高对比度营造沉静而壮阔氛围；构图非对称但重心稳定，图文结合，视觉焦点集中于书名与钢琴；设计风格属经典文学插画风，融合现实主义与浪漫主义，情感上体现厚重、治愈与艺术感。",
"translator": "傅雷",
"main_title": "约翰·克利斯朵夫",
"publisher": "春风文艺出版社",
"belly_band": "原无删减 名家译版\n幸福是灵魂的一种香味\\是一颗歌唱的心的和声",
"author": "罗曼·罗兰",
"subtitle": "罗曼·罗兰耗资20年心血的长篇巨著 凭借此书获1...
2025-12-21 17:58:43,402 - ERROR - 图片 'NORMAL_312.png': 无法在模型回复中找到JSON结构 (尝试 1) | 原始输出 (截断): {"reasoning":"图像为书籍封面，主书名《贴地飞行》以大号黑色字体居中呈现，辅以英文'Eager to Fly'，视觉冲击力强。作者姚鄂梅署名于右侧竖排，标注‘著’。副标题以较小字体分布在主书名下方，包含‘一个农村青年在都市左冲右突的故事’及‘被城市击垮的梦想与谎言共眠的生活’等语句，形成叙事补充。腰封为底部黑色横幅，印有推荐语和出版社信息（北京出版集团、十月文艺出版社），文字密集且分两栏排布。整体构图上半部为浅棕与白色背景，下半部为深黑底，形成强烈对比；插图为攀岩者剪影，象征奋斗与突破。色彩以灰、棕、黑为主，低饱和度营造沉稳严肃氛围。设计风格融合现代简约与文学感，图文结合传递励志与现实交织的情绪。",
"translator": "null",
"main_title": "贴地飞行",
"publisher": "北京十月文艺出版社",
"belly_band": "一个农村青年在都市左冲右突的故事 即使是燕雀 也有贴地飞行的自由 我喜欢有梦的人，哪怕这个梦很小，就像一只鸡；穷其一生，也只飞到矮树上。——姚鄂梅 被城市击垮的梦想与谎言共眠的生活",
"author": "...
2025-12-21 18:35:50,996 - ERROR - 图片 'NORMAL_322.png': 无法在模型回复中找到JSON结构 (尝试 1) | 原始输出 (截断): {"reasoning":"图像为一本中文书籍封面，主书名《为什么你一直在害怕》以大号白色字体叠加在橙色手部插画之上，视觉冲击力强；作者“贾宁”位于主书名中间偏上位置；副标题“你的每一次胆怯，都是自我能量的‘收穫’”以小字置于顶部；底部有出版社“中国友谊出版公司”及另一行宣传语。腰封无独立纸带结构，但封面底部文字可视为宣传语。色彩以蓝、橙为主，对比鲜明，构图居中对称，手部图形为抽象插画风格，传达心理主题。整体设计现代简约，情感氛围聚焦于自我疗愈与勇气激励，略带严肃与治愈感。", "translator": "null", "main_title": "为什么你一直在害怕", "publisher": "中国友谊出版公司", "belly_band": "你的每一次胆怯，都是自我能量的‘收穫’", "author": "贾宁", "subtitle": "每一次你打败恐惧，都打败了一次命运对你的限定"}, "cover_description": "封面以蓝橙高对比度为主色调，视觉重心集中于中央的白色大字书名与橙色手部插画，构图对称且留白充足，图文分布均衡。图像类型为抽象插画风格，设计兼...
